// Jest Snapshot v1, https://goo.gl/fbAQLP

exports[`Tests in <Sidebar /> Can be match with snapshot. 1`] = `
<div>
  <nav
    class="MuiBox-root css-obqxoz"
  >
    <div
      class="MuiDrawer-root MuiDrawer-docked css-1xkgjv5-MuiDrawer-docked"
    >
      <div
        class="MuiPaper-root MuiPaper-elevation MuiPaper-elevation0 MuiDrawer-paper MuiDrawer-paperAnchorLeft MuiDrawer-paperAnchorDockedLeft css-12i7wg6-MuiPaper-root-MuiDrawer-paper"
      >
        <div
          class="MuiToolbar-root MuiToolbar-gutters MuiToolbar-regular css-hyum1k-MuiToolbar-root"
        >
          <div
            class="MuiTypography-root MuiTypography-h6 MuiTypography-noWrap css-8u39c-MuiTypography-root"
          >
            userTest
          </div>
        </div>
        <hr
          class="MuiDivider-root MuiDivider-fullWidth css-9mgopn-MuiDivider-root"
        />
        <ul
          class="MuiList-root MuiList-padding animate__animated animate__slideInLeft animate__delay-1s css-h4y409-MuiList-root"
        >
          <li
            class="MuiListItem-root MuiListItem-gutters css-1nxmd3h-MuiListItem-root"
          >
            <div
              class="MuiButtonBase-root MuiListItemButton-root MuiListItemButton-gutters MuiListItemButton-root MuiListItemButton-gutters css-16ac5r2-MuiButtonBase-root-MuiListItemButton-root"
              role="button"
              tabindex="0"
            >
              <div
                class="MuiListItemIcon-root css-cveggr-MuiListItemIcon-root"
              >
                <svg
                  aria-hidden="true"
                  class="MuiSvgIcon-root MuiSvgIcon-fontSizeMedium css-i4bv87-MuiSvgIcon-root"
                  data-testid="TurnedInNotIcon"
                  focusable="false"
                  viewBox="0 0 24 24"
                >
                  <path
                    d="M17 3H7c-1.1 0-1.99.9-1.99 2L5 21l7-3 7 3V5c0-1.1-.9-2-2-2m0 15-5-2.18L7 18V5h10z"
                  />
                </svg>
              </div>
              <div
                class="MuiGrid-root MuiGrid-container css-11lq3yg-MuiGrid-root"
              >
                <div
                  class="MuiListItemText-root css-tlelie-MuiListItemText-root"
                >
                  <span
                    class="MuiTypography-root MuiTypography-body1 MuiListItemText-primary css-10hburv-MuiTypography-root"
                  >
                    First note
                  </span>
                </div>
                <div
                  class="MuiListItemText-root css-tlelie-MuiListItemText-root"
                >
                  <p
                    class="MuiTypography-root MuiTypography-body2 MuiListItemText-secondary css-83ijpv-MuiTypography-root"
                  >
                    This is a first note
                  </p>
                </div>
              </div>
              <span
                class="MuiTouchRipple-root css-8je8zh-MuiTouchRipple-root"
              />
            </div>
          </li>
          <li
            class="MuiListItem-root MuiListItem-gutters css-1nxmd3h-MuiListItem-root"
          >
            <div
              class="MuiButtonBase-root MuiListItemButton-root MuiListItemButton-gutters MuiListItemButton-root MuiListItemButton-gutters css-16ac5r2-MuiButtonBase-root-MuiListItemButton-root"
              role="button"
              tabindex="0"
            >
              <div
                class="MuiListItemIcon-root css-cveggr-MuiListItemIcon-root"
              >
                <svg
                  aria-hidden="true"
                  class="MuiSvgIcon-root MuiSvgIcon-fontSizeMedium css-i4bv87-MuiSvgIcon-root"
                  data-testid="TurnedInNotIcon"
                  focusable="false"
                  viewBox="0 0 24 24"
                >
                  <path
                    d="M17 3H7c-1.1 0-1.99.9-1.99 2L5 21l7-3 7 3V5c0-1.1-.9-2-2-2m0 15-5-2.18L7 18V5h10z"
                  />
                </svg>
              </div>
              <div
                class="MuiGrid-root MuiGrid-container css-11lq3yg-MuiGrid-root"
              >
                <div
                  class="MuiListItemText-root css-tlelie-MuiListItemText-root"
                >
                  <span
                    class="MuiTypography-root MuiTypography-body1 MuiListItemText-primary css-10hburv-MuiTypography-root"
                  >
                    Demo Note
                  </span>
                </div>
                <div
                  class="MuiListItemText-root css-tlelie-MuiListItemText-root"
                >
                  <p
                    class="MuiTypography-root MuiTypography-body2 MuiListItemText-secondary css-83ijpv-MuiTypography-root"
                  >
                    This is a demo note
                  </p>
                </div>
              </div>
              <span
                class="MuiTouchRipple-root css-8je8zh-MuiTouchRipple-root"
              />
            </div>
          </li>
        </ul>
      </div>
    </div>
  </nav>
</div>
`;
